// Jest Snapshot v1, https://goo.gl/fbAQLP

exports[`Test on router <AppRouter /> should show login if it is not authenticated 1`] = `
<div>
  <div
    className="container mt-4"
  >
    <h3>
      Login!
    </h3>
    <hr />
    <button
      className="btn btn-success"
      onClick={[Function]}
    >
      Login
    </button>
  </div>
</div>
`;
